contig	TopHit
ctg000010_np12	No_hits_found
ctg000040_np12	No_hits_found
ctg000060_np12	No_hits_found
ctg000080_np12	No_hits_found
ctg000100_np12	No_hits_found
ctg000110_np12	No_hits_found
ctg000130_np12	No_hits_found
ctg000170_np12	No_hits_found
ctg000250_np12	No_hits_found
ctg000290_np12	No_hits_found
